Archive member included because of file (symbol)

/home/amol/ArmToolChain/gcc-arm-none-eabi-4_8-2014q1/bin/../lib/gcc/arm-none-eabi/4.8.3/../../../../arm-none-eabi/lib/armv7e-m/libg_s.a(lib_a-errno.o)
                              ./system/src/newlib/_sbrk.o (__errno)
/home/amol/ArmToolChain/gcc-arm-none-eabi-4_8-2014q1/bin/../lib/gcc/arm-none-eabi/4.8.3/../../../../arm-none-eabi/lib/armv7e-m/libg_s.a(lib_a-fwrite.o)
                              ./src/main.o (fwrite)
/home/amol/ArmToolChain/gcc-arm-none-eabi-4_8-2014q1/bin/../lib/gcc/arm-none-eabi/4.8.3/../../../../arm-none-eabi/lib/armv7e-m/libg_s.a(lib_a-impure.o)
                              ./src/main.o (_impure_ptr)
/home/amol/ArmToolChain/gcc-arm-none-eabi-4_8-2014q1/bin/../lib/gcc/arm-none-eabi/4.8.3/../../../../arm-none-eabi/lib/armv7e-m/libg_s.a(lib_a-puts.o)
                              ./src/main.o (puts)
/home/amol/ArmToolChain/gcc-arm-none-eabi-4_8-2014q1/bin/../lib/gcc/arm-none-eabi/4.8.3/../../../../arm-none-eabi/lib/armv7e-m/libg_s.a(lib_a-strlen.o)
                              ./system/src/diag/Trace.o (strlen)
/home/amol/ArmToolChain/gcc-arm-none-eabi-4_8-2014q1/bin/../lib/gcc/arm-none-eabi/4.8.3/../../../../arm-none-eabi/lib/armv7e-m/libg_s.a(lib_a-vsnprintf.o)
                              ./system/src/diag/Trace.o (vsnprintf)
/home/amol/ArmToolChain/gcc-arm-none-eabi-4_8-2014q1/bin/../lib/gcc/arm-none-eabi/4.8.3/../../../../arm-none-eabi/lib/armv7e-m/libg_s.a(lib_a-wbuf.o)
                              /home/amol/ArmToolChain/gcc-arm-none-eabi-4_8-2014q1/bin/../lib/gcc/arm-none-eabi/4.8.3/../../../../arm-none-eabi/lib/armv7e-m/libg_s.a(lib_a-fwrite.o) (__swbuf_r)
/home/amol/ArmToolChain/gcc-arm-none-eabi-4_8-2014q1/bin/../lib/gcc/arm-none-eabi/4.8.3/../../../../arm-none-eabi/lib/armv7e-m/libg_s.a(lib_a-wsetup.o)
                              /home/amol/ArmToolChain/gcc-arm-none-eabi-4_8-2014q1/bin/../lib/gcc/arm-none-eabi/4.8.3/../../../../arm-none-eabi/lib/armv7e-m/libg_s.a(lib_a-fwrite.o) (__swsetup_r)
/home/amol/ArmToolChain/gcc-arm-none-eabi-4_8-2014q1/bin/../lib/gcc/arm-none-eabi/4.8.3/../../../../arm-none-eabi/lib/armv7e-m/libg_s.a(lib_a-fflush.o)
                              /home/amol/ArmToolChain/gcc-arm-none-eabi-4_8-2014q1/bin/../lib/gcc/arm-none-eabi/4.8.3/../../../../arm-none-eabi/lib/armv7e-m/libg_s.a(lib_a-wbuf.o) (_fflush_r)
/home/amol/ArmToolChain/gcc-arm-none-eabi-4_8-2014q1/bin/../lib/gcc/arm-none-eabi/4.8.3/../../../../arm-none-eabi/lib/armv7e-m/libg_s.a(lib_a-findfp.o)
                              /home/amol/ArmToolChain/gcc-arm-none-eabi-4_8-2014q1/bin/../lib/gcc/arm-none-eabi/4.8.3/../../../../arm-none-eabi/lib/armv7e-m/libg_s.a(lib_a-fwrite.o) (__sinit)
/home/amol/ArmToolChain/gcc-arm-none-eabi-4_8-2014q1/bin/../lib/gcc/arm-none-eabi/4.8.3/../../../../arm-none-eabi/lib/armv7e-m/libg_s.a(lib_a-fwalk.o)
                              /home/amol/ArmToolChain/gcc-arm-none-eabi-4_8-2014q1/bin/../lib/gcc/arm-none-eabi/4.8.3/../../../../arm-none-eabi/lib/armv7e-m/libg_s.a(lib_a-findfp.o) (_fwalk)
/home/amol/ArmToolChain/gcc-arm-none-eabi-4_8-2014q1/bin/../lib/gcc/arm-none-eabi/4.8.3/../../../../arm-none-eabi/lib/armv7e-m/libg_s.a(lib_a-makebuf.o)
                              /home/amol/ArmToolChain/gcc-arm-none-eabi-4_8-2014q1/bin/../lib/gcc/arm-none-eabi/4.8.3/../../../../arm-none-eabi/lib/armv7e-m/libg_s.a(lib_a-wsetup.o) (__smakebuf_r)
/home/amol/ArmToolChain/gcc-arm-none-eabi-4_8-2014q1/bin/../lib/gcc/arm-none-eabi/4.8.3/../../../../arm-none-eabi/lib/armv7e-m/libg_s.a(lib_a-memset.o)
                              /home/amol/ArmToolChain/gcc-arm-none-eabi-4_8-2014q1/bin/../lib/gcc/arm-none-eabi/4.8.3/../../../../arm-none-eabi/lib/armv7e-m/libg_s.a(lib_a-findfp.o) (memset)
/home/amol/ArmToolChain/gcc-arm-none-eabi-4_8-2014q1/bin/../lib/gcc/arm-none-eabi/4.8.3/../../../../arm-none-eabi/lib/armv7e-m/libg_s.a(lib_a-nano-freer.o)
                              /home/amol/ArmToolChain/gcc-arm-none-eabi-4_8-2014q1/bin/../lib/gcc/arm-none-eabi/4.8.3/../../../../arm-none-eabi/lib/armv7e-m/libg_s.a(lib_a-wsetup.o) (_free_r)
/home/amol/ArmToolChain/gcc-arm-none-eabi-4_8-2014q1/bin/../lib/gcc/arm-none-eabi/4.8.3/../../../../arm-none-eabi/lib/armv7e-m/libg_s.a(lib_a-nano-mallocr.o)
                              /home/amol/ArmToolChain/gcc-arm-none-eabi-4_8-2014q1/bin/../lib/gcc/arm-none-eabi/4.8.3/../../../../arm-none-eabi/lib/armv7e-m/libg_s.a(lib_a-findfp.o) (_malloc_r)
/home/amol/ArmToolChain/gcc-arm-none-eabi-4_8-2014q1/bin/../lib/gcc/arm-none-eabi/4.8.3/../../../../arm-none-eabi/lib/armv7e-m/libg_s.a(lib_a-sbrkr.o)
                              /home/amol/ArmToolChain/gcc-arm-none-eabi-4_8-2014q1/bin/../lib/gcc/arm-none-eabi/4.8.3/../../../../arm-none-eabi/lib/armv7e-m/libg_s.a(lib_a-nano-mallocr.o) (_sbrk_r)
/home/amol/ArmToolChain/gcc-arm-none-eabi-4_8-2014q1/bin/../lib/gcc/arm-none-eabi/4.8.3/../../../../arm-none-eabi/lib/armv7e-m/libg_s.a(lib_a-stdio.o)
[...]
Memory Configuration

Name             Origin             Length             Attributes
RAM              0x20000000         0x0000a000         xrw
CCMRAM           0x10000000         0x00002000         xrw
FLASH            0x08000000         0x00040000         xr
FLASHB1          0x00000000         0x00000000         xr
EXTMEMB0         0x00000000         0x00000000         xr
EXTMEMB1         0x00000000         0x00000000         xr
EXTMEMB2         0x00000000         0x00000000         xr
EXTMEMB3         0x00000000         0x00000000         xr
MEMORY_ARRAY     0x20002000         0x00000000         xrw
*default*        0x00000000         0xffffffff

Linker script and memory map

LOAD ./system/src/stm32f3-stdperiph/stm32f30x_gpio.o
LOAD ./system/src/stm32f3-stdperiph/stm32f30x_rcc.o
LOAD ./system/src/newlib/_cxx.o
LOAD ./system/src/newlib/_exit.o
LOAD ./system/src/newlib/_sbrk.o
LOAD ./system/src/newlib/_startup.o
LOAD ./system/src/newlib/_syscalls.o
LOAD ./system/src/newlib/_write.o
LOAD ./system/src/newlib/assert.o
LOAD ./system/src/diag/Trace.o
LOAD ./system/src/diag/trace_impl.o
LOAD ./system/src/cortexm/_initialize_hardware.o
LOAD ./system/src/cortexm/_reset_hardware.o
LOAD ./system/src/cortexm/exception_handlers.o
LOAD ./system/src/cmsis/system_stm32f30x.o
LOAD ./system/src/cmsis/vectors_stm32f30x.o
LOAD ./src/BlinkLed.o
LOAD ./src/Timer.o
LOAD ./src/main.o
LOAD /home/amol/ArmToolChain/gcc-arm-none-eabi-4_8-2014q1/bin/../lib/gcc/arm-none-eabi/4.8.3/../../../../arm-none-eabi/lib/armv7e-m/libstdc++_s.a
LOAD /home/amol/ArmToolChain/gcc-arm-none-eabi-4_8-2014q1/bin/../lib/gcc/arm-none-eabi/4.8.3/../../../../arm-none-eabi/lib/armv7e-m/libm.a
START GROUP
LOAD /home/amol/ArmToolChain/gcc-arm-none-eabi-4_8-2014q1/bin/../lib/gcc/arm-none-eabi/4.8.3/armv7e-m/libgcc.a
LOAD /home/amol/ArmToolChain/gcc-arm-none-eabi-4_8-2014q1/bin/../lib/gcc/arm-none-eabi/4.8.3/../../../../arm-none-eabi/lib/armv7e-m/libg_s.a
LOAD /home/amol/ArmToolChain/gcc-arm-none-eabi-4_8-2014q1/bin/../lib/gcc/arm-none-eabi/4.8.3/../../../../arm-none-eabi/lib/armv7e-m/libc_s.a
END GROUP
START GROUP
LOAD /home/amol/ArmToolChain/gcc-arm-none-eabi-4_8-2014q1/bin/../lib/gcc/arm-none-eabi/4.8.3/armv7e-m/libgcc.a
LOAD /home/amol/ArmToolChain/gcc-arm-none-eabi-4_8-2014q1/bin/../lib/gcc/arm-none-eabi/4.8.3/../../../../arm-none-eabi/lib/armv7e-m/libc_s.a
END GROUP
                0x2000a000                __stack = (ORIGIN (RAM) + 0xa000)
                0x2000a000                _estack = __stack
                0x00000400                __Main_Stack_Size = 0x400
                0x00000400                PROVIDE (_Main_Stack_Size, __Main_Stack_Size)
                0x20009c00                __Main_Stack_Limit = (__stack - __Main_Stack_Size)
                0x20009c00                PROVIDE (_Main_Stack_Limit, __Main_Stack_Limit)
                0x00000100                _Minimum_Stack_Size = 0x100
                0x20000118                PROVIDE (_Heap_Begin, _end_noinit)
                0x20009c00                PROVIDE (_Heap_Limit, (__stack - __Main_Stack_Size))

.isr_vector     0x08000000      0x2c4
                0x08000000                . = ALIGN (0x4)
 *(.isr_vector)
 .isr_vector    0x08000000      0x188 ./system/src/cmsis/vectors_stm32f30x.o
                0x08000000                __isr_vectors
 *(.cfmconfig)
 *(.after_vectors .after_vectors.*)
 .after_vectors
                0x08000188      0x10c ./system/src/newlib/_startup.o
                0x08000188                _start
 .after_vectors
                0x08000294       0x2c ./system/src/cortexm/exception_handlers.o
                0x08000294                Reset_Handler
                0x0800029c                NMI_Handler
                0x080002a0                HardFault_Handler
                0x080002a4                MemManage_Handler
                0x080002a8                BusFault_Handler
                0x080002ac                UsageFault_Handler
                0x080002b0                SVC_Handler
                0x080002b4                DebugMon_Handler
                0x080002b8                PendSV_Handler
 .after_vectors
                0x080002c0        0x4 ./system/src/cmsis/vectors_stm32f30x.o
                0x080002c0                RTC_Alarm_IRQHandler
                0x080002c0                TIM8_TRG_COM_IRQHandler
                0x080002c0                TIM8_CC_IRQHandler
                0x080002c0                TIM1_CC_IRQHandler
                0x080002c0                USB_HP_IRQHandler
                0x080002c0                PVD_IRQHandler
                0x080002c0                EXTI3_IRQHandler
                0x080002c0                EXTI0_IRQHandler
                0x080002c0                I2C2_EV_IRQHandler
                0x080002c0                FPU_IRQHandler
                0x080002c0                EXTI2_TS_IRQHandler
                0x080002c0                TIM1_UP_TIM16_IRQHandler
                0x080002c0                ADC1_2_IRQHandler
                0x080002c0                SPI1_IRQHandler
                0x080002c0                TIM6_DAC_IRQHandler
                0x080002c0                TIM8_UP_IRQHandler
                0x080002c0                DMA2_Channel2_IRQHandler
                0x080002c0                DMA1_Channel4_IRQHandler
                0x080002c0                USART3_IRQHandler
                0x080002c0                DMA1_Channel7_IRQHandler
                0x080002c0                CAN1_RX1_IRQHandler
                0x080002c0                UART5_IRQHandler
                0x080002c0                ADC3_IRQHandler
                0x080002c0                TIM4_IRQHandler
                0x080002c0                DMA2_Channel1_IRQHandler
                0x080002c0                I2C1_EV_IRQHandler
                0x080002c0                DMA1_Channel6_IRQHandler
                0x080002c0                UART4_IRQHandler
                0x080002c0                DMA2_Channel4_IRQHandler
                0x080002c0                TIM3_IRQHandler
                0x080002c0                RCC_IRQHandler
                0x080002c0                DMA1_Channel1_IRQHandler
                0x080002c0                Default_Handler
                0x080002c0                USBWakeUp_RMP_IRQHandler
                0x080002c0                EXTI15_10_IRQHandler
                0x080002c0                TIM7_IRQHandler
                0x080002c0                EXTI9_5_IRQHandler
                0x080002c0                TAMPER_STAMP_IRQHandler
                0x080002c0                RTC_WKUP_IRQHandler
                0x080002c0                SPI2_IRQHandler
                0x080002c0                DMA2_Channel5_IRQHandler
                0x080002c0                DMA1_Channel5_IRQHandler
                0x080002c0                USB_LP_IRQHandler
                0x080002c0                EXTI4_IRQHandler
                0x080002c0                USB_LP_CAN1_RX0_IRQHandler
                0x080002c0                TIM1_TRG_COM_TIM17_IRQHandler
                0x080002c0                USB_HP_CAN1_TX_IRQHandler
                0x080002c0                DMA1_Channel3_IRQHandler
                0x080002c0                ADC4_IRQHandler
                0x080002c0                WWDG_IRQHandler
                0x080002c0                TIM2_IRQHandler
                0x080002c0                COMP7_IRQHandler
                0x080002c0                COMP1_2_3_IRQHandler
                0x080002c0                EXTI1_IRQHandler
                0x080002c0                USART2_IRQHandler
                0x080002c0                COMP4_5_6_IRQHandler
                0x080002c0                I2C2_ER_IRQHandler
                0x080002c0                DMA1_Channel2_IRQHandler
                0x080002c0                TIM8_BRK_IRQHandler
                0x080002c0                CAN1_SCE_IRQHandler
                0x080002c0                FLASH_IRQHandler
                0x080002c0                USART1_IRQHandler
                0x080002c0                SPI3_IRQHandler
                0x080002c0                I2C1_ER_IRQHandler
                0x080002c0                USBWakeUp_IRQHandler
                0x080002c0                DMA2_Channel3_IRQHandler
                0x080002c0                TIM1_BRK_TIM15_IRQHandler
                0x080002c4                . = ALIGN (0x4)

.inits          0x080002c4        0x0
                0x080002c4                . = ALIGN (0x4)
 *(.init)
 *(.fini)
                0x080002c4                . = ALIGN (0x4)
                0x080002c4                PROVIDE (__preinit_array_start, .)
 *(.preinit_array_sysinit .preinit_array_sysinit.*)
 *(.preinit_array_platform .preinit_array_platform.*)
 *(.preinit_array .preinit_array.*)
                0x080002c4                PROVIDE (__preinit_array_end, .)
                0x080002c4                . = ALIGN (0x4)
                0x080002c4                PROVIDE (__init_array_start, .)
 *(SORT(.init_array.*))
 *(.init_array)
                0x080002c4                PROVIDE (__init_array_end, .)
                0x080002c4                . = ALIGN (0x4)
                0x080002c4                PROVIDE (__fini_array_start, .)
 *(SORT(.fini_array.*))
 *(.fini_array)
                0x080002c4                PROVIDE (__fini_array_end, .)
                0x080002c4                . = ALIGN (0x4)

.flashtext      0x080002c4        0x0
                0x080002c4                . = ALIGN (0x4)
 *(.flashtext .flashtext.*)
                0x080002c4                . = ALIGN (0x4)

.text           0x080002c4     0x185f
                0x080002c4                . = ALIGN (0x4)
 *(.text .text.*)
 .text.GPIO_Init
                0x080002c4      0x128 ./system/src/stm32f3-stdperiph/stm32f30x_gpio.o
                0x080002c4                GPIO_Init
 .text.GPIO_SetBits
                0x080003ec       0x54 ./system/src/stm32f3-stdperiph/stm32f30x_gpio.o
                0x080003ec                GPIO_SetBits
 .text.GPIO_ResetBits
                0x08000440       0x54 ./system/src/stm32f3-stdperiph/stm32f30x_gpio.o
                0x08000440                GPIO_ResetBits
 .text.RCC_AHBPeriphClockCmd
                0x08000494       0x4c ./system/src/stm32f3-stdperiph/stm32f30x_rcc.o
                0x08000494                RCC_AHBPeriphClockCmd
 .text._exit    0x080004e0        0x4 ./system/src/newlib/_exit.o
                0x080004e0                _exit
 .text.abort    0x080004e4       0x14 ./system/src/newlib/_exit.o
                0x080004e4                abort
 .text._sbrk    0x080004f8       0x44 ./system/src/newlib/_sbrk.o
                0x080004f8                _sbrk
 .text.__initialize_args
                0x0800053c       0x10 ./system/src/newlib/_syscalls.o
                0x0800053c                __initialize_args
 .text._close   0x0800054c       0x10 ./system/src/newlib/_syscalls.o
                0x0800054c                _close
 .text._fstat   0x0800055c       0x10 ./system/src/newlib/_syscalls.o
                0x0800055c                _fstat
 .text._isatty  0x0800056c       0x10 ./system/src/newlib/_syscalls.o
                0x0800056c                _isatty
 .text._lseek   0x0800057c       0x10 ./system/src/newlib/_syscalls.o
                0x0800057c                _lseek
 .text._read    0x0800058c       0x10 ./system/src/newlib/_syscalls.o
                0x0800058c                _read
 .text._write   0x0800059c       0x20 ./system/src/newlib/_write.o
                0x0800059c                _write
 .text.assert_failed
                0x080005bc       0x18 ./system/src/newlib/assert.o
                0x080005bc                assert_failed
 .text.trace_printf
                0x080005d4       0x34 ./system/src/diag/Trace.o
                0x080005d4                trace_printf
 .text.trace_puts
                0x08000608       0x20 ./system/src/diag/Trace.o
                0x08000608                trace_puts
 .text._trace_write_itm
                0x08000628       0x3c ./system/src/diag/trace_impl.o
 .text.trace_write
                0x08000664        0x8 ./system/src/diag/trace_impl.o
                0x08000664                trace_write
 .text.__initialize_hardware
                0x0800066c        0x8 ./system/src/cortexm/_initialize_hardware.o
                0x0800066c                __initialize_hardware
 .text.SetSysClock
                0x08000674       0xb0 ./system/src/cmsis/system_stm32f30x.o
 .text.SystemInit
                0x08000724       0x64 ./system/src/cmsis/system_stm32f30x.o
                0x08000724                SystemInit
 .text.blink_led_init
                0x08000788       0x44 ./src/BlinkLed.o
                0x08000788                blink_led_init
 .text.timer_start
                0x080007cc       0x3c ./src/Timer.o
                0x080007cc                timer_start
 .text.timer_sleep
                0x08000808       0x14 ./src/Timer.o
                0x08000808                timer_sleep
 .text.timer_tick
                0x0800081c       0x14 ./src/Timer.o
                0x0800081c                timer_tick
 .text.SysTick_Handler
                0x08000830        0x8 ./src/Timer.o
                0x08000830                SysTick_Handler
 .text.main     0x08000838       0x88 ./src/main.o
                0x08000838                main
 .text.__errno  0x080008c0        0xc /home/amol/ArmToolChain/gcc-arm-none-eabi-4_8-2014q1/bin/../lib/gcc/arm-none-eabi/4.8.3/../../../../arm-none-eabi/lib/armv7e-m/libg_s.a(lib_a-errno.o)
                0x080008c0                __errno
 .text._fwrite_r
                0x080008cc       0xb0 /home/amol/ArmToolChain/gcc-arm-none-eabi-4_8-2014q1/bin/../lib/gcc/arm-none-eabi/4.8.3/../../../../arm-none-eabi/lib/armv7e-m/libg_s.a(lib_a-fwrite.o)
                0x080008cc                _fwrite_r
 .text.fwrite   0x0800097c       0x20 /home/amol/ArmToolChain/gcc-arm-none-eabi-4_8-2014q1/bin/../lib/gcc/arm-none-eabi/4.8.3/../../../../arm-none-eabi/lib/armv7e-m/libg_s.a(lib_a-fwrite.o)
                0x0800097c                fwrite
 .text._puts_r  0x0800099c       0xc0 /home/amol/ArmToolChain/gcc-arm-none-eabi-4_8-2014q1/bin/../lib/gcc/arm-none-eabi/4.8.3/../../../../arm-none-eabi/lib/armv7e-m/libg_s.a(lib_a-puts.o)
                0x0800099c                _puts_r
 .text.puts     0x08000a5c       0x10 /home/amol/ArmToolChain/gcc-arm-none-eabi-4_8-2014q1/bin/../lib/gcc/arm-none-eabi/4.8.3/../../../../arm-none-eabi/lib/armv7e-m/libg_s.a(lib_a-puts.o)
                0x08000a5c                puts
 .text.strlen   0x08000a6c       0x10 /home/amol/ArmToolChain/gcc-arm-none-eabi-4_8-2014q1/bin/../lib/gcc/arm-none-eabi/4.8.3/../../../../arm-none-eabi/lib/armv7e-m/libg_s.a(lib_a-strlen.o)
                0x08000a6c                strlen
 .text._vsnprintf_r
                0x08000a7c       0x52 /home/amol/ArmToolChain/gcc-arm-none-eabi-4_8-2014q1/bin/../lib/gcc/arm-none-eabi/4.8.3/../../../../arm-none-eabi/lib/armv7e-m/libg_s.a(lib_a-vsnprintf.o)
                0x08000a7c                _vsnprintf_r
                0x08000a7c                _vsniprintf_r
 *fill*         0x08000ace        0x2 
 .text.vsnprintf
                0x08000ad0       0x20 /home/amol/ArmToolChain/gcc-arm-none-eabi-4_8-2014q1/bin/../lib/gcc/arm-none-eabi/4.8.3/../../../../arm-none-eabi/lib/armv7e-m/libg_s.a(lib_a-vsnprintf.o)
                0x08000ad0                vsnprintf
                0x08000ad0                vsniprintf
 .text.__swbuf_r
                0x08000af0       0xa8 /home/amol/ArmToolChain/gcc-arm-none-eabi-4_8-2014q1/bin/../lib/gcc/arm-none-eabi/4.8.3/../../../../arm-none-eabi/lib/armv7e-m/libg_s.a(lib_a-wbuf.o)
                0x08000af0                __swbuf_r
 .text.__swsetup_r
                0x08000b98       0xdc /home/amol/ArmToolChain/gcc-arm-none-eabi-4_8-2014q1/bin/../lib/gcc/arm-none-eabi/4.8.3/../../../../arm-none-eabi/lib/armv7e-m/libg_s.a(lib_a-wsetup.o)
                0x08000b98                __swsetup_r
 .text.__sflush_r
                0x08000c74      0x106 /home/amol/ArmToolChain/gcc-arm-none-eabi-4_8-2014q1/bin/../lib/gcc/arm-none-eabi/4.8.3/../../../../arm-none-eabi/lib/armv7e-m/libg_s.a(lib_a-fflush.o)
                0x08000c74                __sflush_r
 *fill*         0x08000d7a        0x2 
 .text._fflush_r
                0x08000d7c       0x54 /home/amol/ArmToolChain/gcc-arm-none-eabi-4_8-2014q1/bin/../lib/gcc/arm-none-eabi/4.8.3/../../../../arm-none-eabi/lib/armv7e-m/libg_s.a(lib_a-fflush.o)
                0x08000d7c                _fflush_r
 .text._cleanup_r
                0x08000dd0       0x32 /home/amol/ArmToolChain/gcc-arm-none-eabi-4_8-2014q1/bin/../lib/gcc/arm-none-eabi/4.8.3/../../../../arm-none-eabi/lib/armv7e-m/libg_s.a(lib_a-findfp.o)
                0x08000dd0                _cleanup_r
 *fill*         0x08000e02        0x2 
 .text.std.isra.0
                0x08000e04       0x48 /home/amol/ArmToolChain/gcc-arm-none-eabi-4_8-2014q1/bin/../lib/gcc/arm-none-eabi/4.8.3/../../../../arm-none-eabi/lib/armv7e-m/libg_s.a(lib_a-findfp.o)
 .text.__sfmoreglue
                0x08000e4c       0x2c /home/amol/ArmToolChain/gcc-arm-none-eabi-4_8-2014q1/bin/../lib/gcc/arm-none-eabi/4.8.3/../../../../arm-none-eabi/lib/armv7e-m/libg_s.a(lib_a-findfp.o)
                0x08000e4c                __sfmoreglue
 .text.__sinit  0x08000e78       0x60 /home/amol/ArmToolChain/gcc-arm-none-eabi-4_8-2014q1/bin/../lib/gcc/arm-none-eabi/4.8.3/../../../../arm-none-eabi/lib/armv7e-m/libg_s.a(lib_a-findfp.o)
                0x08000e78                __sinit
 .text.__sfp    0x08000ed8       0x74 /home/amol/ArmToolChain/gcc-arm-none-eabi-4_8-2014q1/bin/../lib/gcc/arm-none-eabi/4.8.3/../../../../arm-none-eabi/lib/armv7e-m/libg_s.a(lib_a-findfp.o)
                0x08000ed8                __sfp
 .text.__smakebuf_r
                0x08000f4c       0x9c /home/amol/ArmToolChain/gcc-arm-none-eabi-4_8-2014q1/bin/../lib/gcc/arm-none-eabi/4.8.3/../../../../arm-none-eabi/lib/armv7e-m/libg_s.a(lib_a-makebuf.o)
                0x08000f4c                __smakebuf_r
 .text.memset   0x08000fe8       0x10 /home/amol/ArmToolChain/gcc-arm-none-eabi-4_8-2014q1/bin/../lib/gcc/arm-none-eabi/4.8.3/../../../../arm-none-eabi/lib/armv7e-m/libg_s.a(lib_a-memset.o)
                0x08000fe8                memset
 .text._free_r  0x08000ff8       0x88 /home/amol/ArmToolChain/gcc-arm-none-eabi-4_8-2014q1/bin/../lib/gcc/arm-none-eabi/4.8.3/../../../../arm-none-eabi/lib/armv7e-m/libg_s.a(lib_a-nano-freer.o)
                0x08000ff8                _free_r
 .text._malloc_r
                0x08001080       0xa8 /home/amol/ArmToolChain/gcc-arm-none-eabi-4_8-2014q1/bin/../lib/gcc/arm-none-eabi/4.8.3/../../../../arm-none-eabi/lib/armv7e-m/libg_s.a(lib_a-nano-mallocr.o)
                0x08001080                _malloc_r
 .text._sbrk_r  0x08001128       0x20 /home/amol/ArmToolChain/gcc-arm-none-eabi-4_8-2014q1/bin/../lib/gcc/arm-none-eabi/4.8.3/../../../../arm-none-eabi/lib/armv7e-m/libg_s.a(lib_a-sbrkr.o)
                0x08001128                _sbrk_r
 .text.__sread  0x08001148       0x22 /home/amol/ArmToolChain/gcc-arm-none-eabi-4_8-2014q1/bin/../lib/gcc/arm-none-eabi/4.8.3/../../../../arm-none-eabi/lib/armv7e-m/libg_s.a(lib_a-stdio.o)
                0x08001148                __sread
 .text.__swrite
                0x0800116a       0x38 /home/amol/ArmToolChain/gcc-arm-none-eabi-4_8-2014q1/bin/../lib/gcc/arm-none-eabi/4.8.3/../../../../arm-none-eabi/lib/armv7e-m/libg_s.a(lib_a-stdio.o)
                0x0800116a                __swrite
 .text.__sseek  0x080011a2       0x24 /home/amol/ArmToolChain/gcc-arm-none-eabi-4_8-2014q1/bin/../lib/gcc/arm-none-eabi/4.8.3/../../../../arm-none-eabi/lib/armv7e-m/libg_s.a(lib_a-stdio.o)
                0x080011a2                __sseek
 .text.__sclose
                0x080011c6        0x8 /home/amol/ArmToolChain/gcc-arm-none-eabi-4_8-2014q1/bin/../lib/gcc/arm-none-eabi/4.8.3/../../../../arm-none-eabi/lib/armv7e-m/libg_s.a(lib_a-stdio.o)
                0x080011c6                __sclose
 .text.__ssputs_r
                0x080011ce       0xb8 /home/amol/ArmToolChain/gcc-arm-none-eabi-4_8-2014q1/bin/../lib/gcc/arm-none-eabi/4.8.3/../../../../arm-none-eabi/lib/armv7e-m/libg_s.a(lib_a-svfprintf.o)
                0x080011ce                __ssputs_r
 *fill*         0x08001286        0x2 
 .text._svfprintf_r
                0x08001288      0x1dc /home/amol/ArmToolChain/gcc-arm-none-eabi-4_8-2014q1/bin/../lib/gcc/arm-none-eabi/4.8.3/../../../../arm-none-eabi/lib/armv7e-m/libg_s.a(lib_a-svfprintf.o)
                0x08001288                _svfprintf_r
                0x08001288                _svfiprintf_r
 .text._printf_common
                0x08001464       0xe4 /home/amol/ArmToolChain/gcc-arm-none-eabi-4_8-2014q1/bin/../lib/gcc/arm-none-eabi/4.8.3/../../../../arm-none-eabi/lib/armv7e-m/libg_s.a(lib_a-vfprintf_i.o)
                0x08001464                _printf_common
 .text._printf_i
                0x08001548      0x228 /home/amol/ArmToolChain/gcc-arm-none-eabi-4_8-2014q1/bin/../lib/gcc/arm-none-eabi/4.8.3/../../../../arm-none-eabi/lib/armv7e-m/libg_s.a(lib_a-vfprintf_i.o)
                0x08001548                _printf_i
 .text._write_r
                0x08001770       0x24 /home/amol/ArmToolChain/gcc-arm-none-eabi-4_8-2014q1/bin/../lib/gcc/arm-none-eabi/4.8.3/../../../../arm-none-eabi/lib/armv7e-m/libg_s.a(lib_a-writer.o)
                0x08001770                _write_r
 .text._close_r
                0x08001794       0x20 /home/amol/ArmToolChain/gcc-arm-none-eabi-4_8-2014q1/bin/../lib/gcc/arm-none-eabi/4.8.3/../../../../arm-none-eabi/lib/armv7e-m/libg_s.a(lib_a-closer.o)
                0x08001794                _close_r
 .text._fstat_r
                0x080017b4       0x24 /home/amol/ArmToolChain/gcc-arm-none-eabi-4_8-2014q1/bin/../lib/gcc/arm-none-eabi/4.8.3/../../../../arm-none-eabi/lib/armv7e-m/libg_s.a(lib_a-fstatr.o)
                0x080017b4                _fstat_r
 .text._isatty_r
                0x080017d8       0x20 /home/amol/ArmToolChain/gcc-arm-none-eabi-4_8-2014q1/bin/../lib/gcc/arm-none-eabi/4.8.3/../../../../arm-none-eabi/lib/armv7e-m/libg_s.a(lib_a-isattyr.o)
                0x080017d8                _isatty_r
 .text._lseek_r
                0x080017f8       0x24 /home/amol/ArmToolChain/gcc-arm-none-eabi-4_8-2014q1/bin/../lib/gcc/arm-none-eabi/4.8.3/../../../../arm-none-eabi/lib/armv7e-m/libg_s.a(lib_a-lseekr.o)
                0x080017f8                _lseek_r
 .text.memchr   0x0800181c       0x1e /home/amol/ArmToolChain/gcc-arm-none-eabi-4_8-2014q1/bin/../lib/gcc/arm-none-eabi/4.8.3/../../../../arm-none-eabi/lib/armv7e-m/libg_s.a(lib_a-memchr-stub.o)
                0x0800181c                memchr
 .text.memcpy   0x0800183a       0x12 /home/amol/ArmToolChain/gcc-arm-none-eabi-4_8-2014q1/bin/../lib/gcc/arm-none-eabi/4.8.3/../../../../arm-none-eabi/lib/armv7e-m/libg_s.a(lib_a-memcpy-stub.o)
                0x0800183a                memcpy
 .text.memmove  0x0800184c       0x36 /home/amol/ArmToolChain/gcc-arm-none-eabi-4_8-2014q1/bin/../lib/gcc/arm-none-eabi/4.8.3/../../../../arm-none-eabi/lib/armv7e-m/libg_s.a(lib_a-memmove.o)
                0x0800184c                memmove
 .text._realloc_r
                0x08001882       0x4c /home/amol/ArmToolChain/gcc-arm-none-eabi-4_8-2014q1/bin/../lib/gcc/arm-none-eabi/4.8.3/../../../../arm-none-eabi/lib/armv7e-m/libg_s.a(lib_a-nano-reallocr.o)
                0x08001882                _realloc_r
 *fill*         0x080018ce        0x2 
 .text._read_r  0x080018d0       0x24 /home/amol/ArmToolChain/gcc-arm-none-eabi-4_8-2014q1/bin/../lib/gcc/arm-none-eabi/4.8.3/../../../../arm-none-eabi/lib/armv7e-m/libg_s.a(lib_a-readr.o)
                0x080018d0                _read_r
 .text._malloc_usable_size_r
                0x080018f4       0x12 /home/amol/ArmToolChain/gcc-arm-none-eabi-4_8-2014q1/bin/../lib/gcc/arm-none-eabi/4.8.3/../../../../arm-none-eabi/lib/armv7e-m/libg_s.a(lib_a-nano-msizer.o)
                0x080018f4                _malloc_usable_size_r
 *(.rodata .rodata.*)
 *fill*         0x08001906        0x2 
 .rodata.str1.4
                0x08001908       0x31 ./system/src/stm32f3-stdperiph/stm32f30x_gpio.o
                                 0x34 (size before relaxing)
 *fill*         0x08001939        0x3 
 .rodata.str1.4
                0x0800193c       0x30 ./system/src/stm32f3-stdperiph/stm32f30x_rcc.o
 .rodata.str1.4
                0x0800196c       0x14 ./system/src/newlib/_exit.o
 .rodata.str1.4
                0x08001980       0x6b ./system/src/newlib/assert.o
                                 0x70 (size before relaxing)
 *fill*         0x080019eb        0x1 
 .rodata.str1.4
                0x080019ec       0x2d ./system/src/diag/Trace.o
                                 0x30 (size before relaxing)
 *fill*         0x08001a19        0x3 
 .rodata.str1.4
                0x08001a1c       0x6c ./src/main.o
 .rodata.str1.1
                0x08001a88        0x2 /home/amol/ArmToolChain/gcc-arm-none-eabi-4_8-2014q1/bin/../lib/gcc/arm-none-eabi/4.8.3/../../../../arm-none-eabi/lib/armv7e-m/libg_s.a(lib_a-impure.o)
 *fill*         0x08001a8a        0x2 
 .rodata._global_impure_ptr
                0x08001a8c        0x4 /home/amol/ArmToolChain/gcc-arm-none-eabi-4_8-2014q1/bin/../lib/gcc/arm-none-eabi/4.8.3/../../../../arm-none-eabi/lib/armv7e-m/libg_s.a(lib_a-impure.o)
                0x08001a8c                _global_impure_ptr
 .rodata.__sf_fake_stdin
                0x08001a90       0x20 /home/amol/ArmToolChain/gcc-arm-none-eabi-4_8-2014q1/bin/../lib/gcc/arm-none-eabi/4.8.3/../../../../arm-none-eabi/lib/armv7e-m/libg_s.a(lib_a-findfp.o)
                0x08001a90                __sf_fake_stdin
 .rodata.__sf_fake_stdout
                0x08001ab0       0x20 /home/amol/ArmToolChain/gcc-arm-none-eabi-4_8-2014q1/bin/../lib/gcc/arm-none-eabi/4.8.3/../../../../arm-none-eabi/lib/armv7e-m/libg_s.a(lib_a-findfp.o)
                0x08001ab0                __sf_fake_stdout
 .rodata.__sf_fake_stderr
                0x08001ad0       0x20 /home/amol/ArmToolChain/gcc-arm-none-eabi-4_8-2014q1/bin/../lib/gcc/arm-none-eabi/4.8.3/../../../../arm-none-eabi/lib/armv7e-m/libg_s.a(lib_a-findfp.o)
                0x08001ad0                __sf_fake_stderr
 .rodata.str1.1
                0x08001af0       0x11 /home/amol/ArmToolChain/gcc-arm-none-eabi-4_8-2014q1/bin/../lib/gcc/arm-none-eabi/4.8.3/../../../../arm-none-eabi/lib/armv7e-m/libg_s.a(lib_a-svfprintf.o)
 .rodata.str1.1
                0x08001b01       0x22 /home/amol/ArmToolChain/gcc-arm-none-eabi-4_8-2014q1/bin/../lib/gcc/arm-none-eabi/4.8.3/../../../../arm-none-eabi/lib/armv7e-m/libg_s.a(lib_a-vfprintf_i.o)
 *(vtable)
 *(.eh_frame*)
 *(.glue_7)
 .glue_7        0x00000000        0x0 linker stubs
 *(.glue_7t)
 .glue_7t       0x00000000        0x0 linker stubs

.vfp11_veneer   0x08001b24        0x0
 .vfp11_veneer  0x00000000        0x0 linker stubs

.v4_bx          0x08001b24        0x0
 .v4_bx         0x00000000        0x0 linker stubs

.iplt           0x08001b24        0x0
 .iplt          0x00000000        0x0 ./system/src/stm32f3-stdperiph/stm32f30x_gpio.o

.rel.dyn        0x08001b24        0x0
 .rel.iplt      0x00000000        0x0 ./system/src/stm32f3-stdperiph/stm32f30x_gpio.o

.ARM.extab
 *(.ARM.extab* .gnu.linkonce.armextab.*)
                0x08001b24                __exidx_start = .

.ARM.exidx
 *(.ARM.exidx* .gnu.linkonce.armexidx.*)
                0x08001b24                __exidx_end = .
                0x08001b24                . = ALIGN (0x4)
                0x08001b24                _etext = .
                0x08001b24                __etext = .
                0x08001b24                _sidata = _etext

.data           0x20000000       0x78 load address 0x08001b24
                0x20000000                . = ALIGN (0x4)
                0x20000000                _sdata = .
                0x20000000                __data_start__ = .
 *(.data_begin .data_begin.*)
 .data_begin    0x20000000        0x4 ./system/src/newlib/_startup.o
 *(.data .data.*)
 .data.argv.4458
                0x20000004        0x8 ./system/src/newlib/_syscalls.o
 .data.SystemCoreClock
                0x2000000c        0x4 ./system/src/cmsis/system_stm32f30x.o
                0x2000000c                SystemCoreClock
 .data.impure_data
                0x20000010       0x60 /home/amol/ArmToolChain/gcc-arm-none-eabi-4_8-2014q1/bin/../lib/gcc/arm-none-eabi/4.8.3/../../../../arm-none-eabi/lib/armv7e-m/libg_s.a(lib_a-impure.o)
 .data._impure_ptr
                0x20000070        0x4 /home/amol/ArmToolChain/gcc-arm-none-eabi-4_8-2014q1/bin/../lib/gcc/arm-none-eabi/4.8.3/../../../../arm-none-eabi/lib/armv7e-m/libg_s.a(lib_a-impure.o)
                0x20000070                _impure_ptr
 *(.data_end .data_end.*)
 .data_end      0x20000074        0x4 ./system/src/newlib/_startup.o
                0x20000078                . = ALIGN (0x4)
                0x20000078                _edata = .
                0x20000078                __data_end__ = .

.igot.plt       0x20000078        0x0 load address 0x08001b9c
 .igot.plt      0x00000000        0x0 ./system/src/stm32f3-stdperiph/stm32f30x_gpio.o

.bss            0x20000078       0xa0 load address 0x08001b9c
                0x20000078                . = ALIGN (0x4)
                0x20000078                __bss_start__ = .
                0x20000078                _sbss = .
 *(.bss_begin .bss_begin.*)
 .bss_begin     0x20000078        0x4 ./system/src/newlib/_startup.o
 *(.bss .bss.*)
 .bss.current_heap_end.4286
                0x2000007c        0x4 ./system/src/newlib/_sbrk.o
 .bss.name.4457
                0x20000080        0x4 ./system/src/newlib/_syscalls.o
 .bss.buf.5349  0x20000084       0x80 ./system/src/diag/Trace.o
 .bss.__malloc_sbrk_start
                0x20000104        0x4 /home/amol/ArmToolChain/gcc-arm-none-eabi-4_8-2014q1/bin/../lib/gcc/arm-none-eabi/4.8.3/../../../../arm-none-eabi/lib/armv7e-m/libg_s.a(lib_a-nano-mallocr.o)
                0x20000104                __malloc_sbrk_start
 .bss.__malloc_free_list
                0x20000108        0x4 /home/amol/ArmToolChain/gcc-arm-none-eabi-4_8-2014q1/bin/../lib/gcc/arm-none-eabi/4.8.3/../../../../arm-none-eabi/lib/armv7e-m/libg_s.a(lib_a-nano-mallocr.o)
                0x20000108                __malloc_free_list
 *(COMMON)
 COMMON         0x2000010c        0x4 ./system/src/newlib/_syscalls.o
                0x2000010c                errno
 COMMON         0x20000110        0x4 ./src/Timer.o
                0x20000110                timer_delayCount
 *(.bss_end .bss_end.*)
 .bss_end       0x20000114        0x4 ./system/src/newlib/_startup.o
                0x20000118                . = ALIGN (0x4)
                0x20000118                __bss_end__ = .
                0x20000118                _ebss = .

.noinit         0x20000118        0x0
                0x20000118                . = ALIGN (0x4)
                0x20000118                _noinit = .
 *(.noinit .noinit.*)
                0x20000118                . = ALIGN (0x4)
                0x20000118                _end_noinit = .
                0x20000118                PROVIDE (end, _end_noinit)
                0x20000118                PROVIDE (_end, _end_noinit)
                0x20000118                PROVIDE (__end, _end_noinit)
                0x20000118                PROVIDE (__end__, _end_noinit)

._check_stack   0x20000118      0x100 load address 0x08001c3c
                0x20000118                . = ALIGN (0x4)
                0x20000218                . = (. + _Minimum_Stack_Size)
 *fill*         0x20000118      0x100 
                0x20000218                . = ALIGN (0x4)

.bss_CCMRAM
 *(.bss.CCMRAM .bss.CCMRAM.*)

.b1text
 *(.b1text)
 *(.b1rodata)
 *(.b1rodata.*)

.eb0text
 *(.eb0text)
 *(.eb0rodata)
 *(.eb0rodata.*)

.eb1text
 *(.eb1text)
 *(.eb1rodata)
 *(.eb1rodata.*)

.eb2text
 *(.eb2text)
 *(.eb2rodata)
 *(.eb2rodata.*)

.eb3text
 *(.eb3text)
 *(.eb3rodata)
 *(.eb3rodata.*)

.stab
 *(.stab)

.stabstr
 *(.stabstr)

.stab.excl
 *(.stab.excl)

.stab.exclstr
 *(.stab.exclstr)

.stab.index
 *(.stab.index)

.stab.indexstr
 *(.stab.indexstr)

.comment        0x00000000       0x70
 *(.comment)
 .comment       0x00000000       0x70 ./system/src/stm32f3-stdperiph/stm32f30x_gpio.o
                                 0x71 (size before relaxing)
 .comment       0x00000000       0x71 ./system/src/stm32f3-stdperiph/stm32f30x_rcc.o
 .comment       0x00000000       0x71 ./system/src/newlib/_exit.o
 .comment       0x00000000       0x71 ./system/src/newlib/_sbrk.o
 .comment       0x00000000       0x71 ./system/src/newlib/_startup.o
 .comment       0x00000000       0x71 ./system/src/newlib/_syscalls.o
 .comment       0x00000000       0x71 ./system/src/newlib/_write.o
 .comment       0x00000000       0x71 ./system/src/newlib/assert.o
 .comment       0x00000000       0x71 ./system/src/diag/Trace.o
 .comment       0x00000000       0x71 ./system/src/diag/trace_impl.o
 .comment       0x00000000       0x71 ./system/src/cortexm/_initialize_hardware.o
 .comment       0x00000000       0x71 ./system/src/cortexm/exception_handlers.o
 .comment       0x00000000       0x71 ./system/src/cmsis/system_stm32f30x.o
 .comment       0x00000000       0x71 ./system/src/cmsis/vectors_stm32f30x.o
 .comment       0x00000000       0x71 ./src/BlinkLed.o
 .comment       0x00000000       0x71 ./src/Timer.o
 .comment       0x00000000       0x71 ./src/main.o

.ARM.attributes
                0x00000000       0x33
 .ARM.attributes
                0x00000000       0x33 ./system/src/stm32f3-stdperiph/stm32f30x_gpio.o
 .ARM.attributes
                0x00000033       0x33 ./system/src/stm32f3-stdperiph/stm32f30x_rcc.o
 .ARM.attributes
                0x00000066       0x33 ./system/src/newlib/_exit.o
 .ARM.attributes
                0x00000099       0x33 ./system/src/newlib/_sbrk.o
 .ARM.attributes
                0x000000cc       0x33 ./system/src/newlib/_startup.o
 .ARM.attributes
                0x000000ff       0x33 ./system/src/newlib/_syscalls.o
 .ARM.attributes
                0x00000132       0x33 ./system/src/newlib/_write.o
 .ARM.attributes
                0x00000165       0x33 ./system/src/newlib/assert.o
 .ARM.attributes
                0x00000198       0x33 ./system/src/diag/Trace.o
 .ARM.attributes
                0x000001cb       0x33 ./system/src/diag/trace_impl.o
 .ARM.attributes
                0x000001fe       0x33 ./system/src/cortexm/_initialize_hardware.o
 .ARM.attributes
                0x00000231       0x33 ./system/src/cortexm/exception_handlers.o
 .ARM.attributes
                0x00000264       0x33 ./system/src/cmsis/system_stm32f30x.o
 .ARM.attributes
                0x00000297       0x33 ./system/src/cmsis/vectors_stm32f30x.o
 .ARM.attributes
                0x000002ca       0x33 ./src/BlinkLed.o
 .ARM.attributes
                0x000002fd       0x33 ./src/Timer.o
 .ARM.attributes
                0x00000330       0x33 ./src/main.o
 .ARM.attributes
                0x00000363       0x2e /home/amol/ArmToolChain/gcc-arm-none-eabi-4_8-2014q1/bin/../lib/gcc/arm-none-eabi/4.8.3/../../../../arm-none-eabi/lib/armv7e-m/libg_s.a(lib_a-errno.o)
 .ARM.attributes
                0x00000391       0x2e /home/amol/ArmToolChain/gcc-arm-none-eabi-4_8-2014q1/bin/../lib/gcc/arm-none-eabi/4.8.3/../../../../arm-none-eabi/lib/armv7e-m/libg_s.a(lib_a-fwrite.o)
 .ARM.attributes
                0x000003bf       0x2e /home/amol/ArmToolChain/gcc-arm-none-eabi-4_8-2014q1/bin/../lib/gcc/arm-none-eabi/4.8.3/../../../../arm-none-eabi/lib/armv7e-m/libg_s.a(lib_a-impure.o)
 .ARM.attributes
                0x000003ed       0x2e /home/amol/ArmToolChain/gcc-arm-none-eabi-4_8-2014q1/bin/../lib/gcc/arm-none-eabi/4.8.3/../../../../arm-none-eabi/lib/armv7e-m/libg_s.a(lib_a-puts.o)
 .ARM.attributes
                0x0000041b       0x2e /home/amol/ArmToolChain/gcc-arm-none-eabi-4_8-2014q1/bin/../lib/gcc/arm-none-eabi/4.8.3/../../../../arm-none-eabi/lib/armv7e-m/libg_s.a(lib_a-strlen.o)
 .ARM.attributes
                0x00000449       0x2e /home/amol/ArmToolChain/gcc-arm-none-eabi-4_8-2014q1/bin/../lib/gcc/arm-none-eabi/4.8.3/../../../../arm-none-eabi/lib/armv7e-m/libg_s.a(lib_a-vsnprintf.o)
 .ARM.attributes
                0x00000477       0x2e /home/amol/ArmToolChain/gcc-arm-none-eabi-4_8-2014q1/bin/../lib/gcc/arm-none-eabi/4.8.3/../../../../arm-none-eabi/lib/armv7e-m/libg_s.a(lib_a-wbuf.o)
 .ARM.attributes
                0x000004a5       0x2e /home/amol/ArmToolChain/gcc-arm-none-eabi-4_8-2014q1/bin/../lib/gcc/arm-none-eabi/4.8.3/../../../../arm-none-eabi/lib/armv7e-m/libg_s.a(lib_a-wsetup.o)
 .ARM.attributes
                0x000004d3       0x2e /home/amol/ArmToolChain/gcc-arm-none-eabi-4_8-2014q1/bin/../lib/gcc/arm-none-eabi/4.8.3/../../../../arm-none-eabi/lib/armv7e-m/libg_s.a(lib_a-fflush.o)
 .ARM.attributes
                0x00000501       0x2e /home/amol/ArmToolChain/gcc-arm-none-eabi-4_8-2014q1/bin/../lib/gcc/arm-none-eabi/4.8.3/../../../../arm-none-eabi/lib/armv7e-m/libg_s.a(lib_a-findfp.o)
 .ARM.attributes
                0x0000052f       0x2e /home/amol/ArmToolChain/gcc-arm-none-eabi-4_8-2014q1/bin/../lib/gcc/arm-none-eabi/4.8.3/../../../../arm-none-eabi/lib/armv7e-m/libg_s.a(lib_a-makebuf.o)
 .ARM.attributes
                0x0000055d       0x2e /home/amol/ArmToolChain/gcc-arm-none-eabi-4_8-2014q1/bin/../lib/gcc/arm-none-eabi/4.8.3/../../../../arm-none-eabi/lib/armv7e-m/libg_s.a(lib_a-memset.o)
 .ARM.attributes
                0x0000058b       0x2e /home/amol/ArmToolChain/gcc-arm-none-eabi-4_8-2014q1/bin/../lib/gcc/arm-none-eabi/4.8.3/../../../../arm-none-eabi/lib/armv7e-m/libg_s.a(lib_a-nano-freer.o)
 .ARM.attributes
                0x000005b9       0x2e /home/amol/ArmToolChain/gcc-arm-none-eabi-4_8-2014q1/bin/../lib/gcc/arm-none-eabi/4.8.3/../../../../arm-none-eabi/lib/armv7e-m/libg_s.a(lib_a-nano-mallocr.o)
 .ARM.attributes
                0x000005e7       0x2e /home/amol/ArmToolChain/gcc-arm-none-eabi-4_8-2014q1/bin/../lib/gcc/arm-none-eabi/4.8.3/../../../../arm-none-eabi/lib/armv7e-m/libg_s.a(lib_a-sbrkr.o)
 .ARM.attributes
                0x00000615       0x2e /home/amol/ArmToolChain/gcc-arm-none-eabi-4_8-2014q1/bin/../lib/gcc/arm-none-eabi/4.8.3/../../../../arm-none-eabi/lib/armv7e-m/libg_s.a(lib_a-stdio.o)
 .ARM.attributes
                0x00000643       0x2e /home/amol/ArmToolChain/gcc-arm-none-eabi-4_8-2014q1/bin/../lib/gcc/arm-none-eabi/4.8.3/../../../../arm-none-eabi/lib/armv7e-m/libg_s.a(lib_a-svfprintf.o)
 .ARM.attributes
                0x00000671       0x2e /home/amol/ArmToolChain/gcc-arm-none-eabi-4_8-2014q1/bin/../lib/gcc/arm-none-eabi/4.8.3/../../../../arm-none-eabi/lib/armv7e-m/libg_s.a(lib_a-vfprintf_i.o)
 .ARM.attributes
                0x0000069f       0x2e /home/amol/ArmToolChain/gcc-arm-none-eabi-4_8-2014q1/bin/../lib/gcc/arm-none-eabi/4.8.3/../../../../arm-none-eabi/lib/armv7e-m/libg_s.a(lib_a-writer.o)
 .ARM.attributes
                0x000006cd       0x2e /home/amol/ArmToolChain/gcc-arm-none-eabi-4_8-2014q1/bin/../lib/gcc/arm-none-eabi/4.8.3/../../../../arm-none-eabi/lib/armv7e-m/libg_s.a(lib_a-closer.o)
 .ARM.attributes
                0x000006fb       0x2e /home/amol/ArmToolChain/gcc-arm-none-eabi-4_8-2014q1/bin/../lib/gcc/arm-none-eabi/4.8.3/../../../../arm-none-eabi/lib/armv7e-m/libg_s.a(lib_a-fstatr.o)
 .ARM.attributes
                0x00000729       0x2e /home/amol/ArmToolChain/gcc-arm-none-eabi-4_8-2014q1/bin/../lib/gcc/arm-none-eabi/4.8.3/../../../../arm-none-eabi/lib/armv7e-m/libg_s.a(lib_a-isattyr.o)
 .ARM.attributes
                0x00000757       0x2e /home/amol/ArmToolChain/gcc-arm-none-eabi-4_8-2014q1/bin/../lib/gcc/arm-none-eabi/4.8.3/../../../../arm-none-eabi/lib/armv7e-m/libg_s.a(lib_a-lseekr.o)
 .ARM.attributes
                0x00000785       0x2e /home/amol/ArmToolChain/gcc-arm-none-eabi-4_8-2014q1/bin/../lib/gcc/arm-none-eabi/4.8.3/../../../../arm-none-eabi/lib/armv7e-m/libg_s.a(lib_a-memchr-stub.o)
 .ARM.attributes
                0x000007b3       0x2e /home/amol/ArmToolChain/gcc-arm-none-eabi-4_8-2014q1/bin/../lib/gcc/arm-none-eabi/4.8.3/../../../../arm-none-eabi/lib/armv7e-m/libg_s.a(lib_a-memcpy-stub.o)
 .ARM.attributes
                0x000007e1       0x2e /home/amol/ArmToolChain/gcc-arm-none-eabi-4_8-2014q1/bin/../lib/gcc/arm-none-eabi/4.8.3/../../../../arm-none-eabi/lib/armv7e-m/libg_s.a(lib_a-memmove.o)
 .ARM.attributes
                0x0000080f       0x2e /home/amol/ArmToolChain/gcc-arm-none-eabi-4_8-2014q1/bin/../lib/gcc/arm-none-eabi/4.8.3/../../../../arm-none-eabi/lib/armv7e-m/libg_s.a(lib_a-nano-reallocr.o)
 .ARM.attributes
                0x0000083d       0x2e /home/amol/ArmToolChain/gcc-arm-none-eabi-4_8-2014q1/bin/../lib/gcc/arm-none-eabi/4.8.3/../../../../arm-none-eabi/lib/armv7e-m/libg_s.a(lib_a-readr.o)
 .ARM.attributes
                0x0000086b       0x2e /home/amol/ArmToolChain/gcc-arm-none-eabi-4_8-2014q1/bin/../lib/gcc/arm-none-eabi/4.8.3/../../../../arm-none-eabi/lib/armv7e-m/libg_s.a(lib_a-nano-msizer.o)

.debug
 *(.debug)

.line
 *(.line)

.debug_srcinfo
 *(.debug_srcinfo)

.debug_sfnames
 *(.debug_sfnames)

.debug_aranges  0x00000000      0x528
 *(.debug_aranges)
 .debug_aranges
                0x00000000       0x80 ./system/src/stm32f3-stdperiph/stm32f30x_gpio.o
 .debug_aranges
                0x00000080      0x150 ./system/src/stm32f3-stdperiph/stm32f30x_rcc.o
 .debug_aranges
                0x000001d0       0x28 ./system/src/newlib/_exit.o
 .debug_aranges
                0x000001f8       0x20 ./system/src/newlib/_sbrk.o
 .debug_aranges
                0x00000218       0x40 ./system/src/newlib/_startup.o
 .debug_aranges
                0x00000258       0xd0 ./system/src/newlib/_syscalls.o
 .debug_aranges
                0x00000328       0x20 ./system/src/newlib/_write.o
 .debug_aranges
                0x00000348       0x28 ./system/src/newlib/assert.o
 .debug_aranges
                0x00000370       0x38 ./system/src/diag/Trace.o
 .debug_aranges
                0x000003a8       0x30 ./system/src/diag/trace_impl.o
 .debug_aranges
                0x000003d8       0x20 ./system/src/cortexm/_initialize_hardware.o
 .debug_aranges
                0x000003f8       0x68 ./system/src/cortexm/exception_handlers.o
 .debug_aranges
                0x00000460       0x30 ./system/src/cmsis/system_stm32f30x.o
 .debug_aranges
                0x00000490       0x20 ./system/src/cmsis/vectors_stm32f30x.o
 .debug_aranges
                0x000004b0       0x20 ./src/BlinkLed.o
 .debug_aranges
                0x000004d0       0x38 ./src/Timer.o
 .debug_aranges
                0x00000508       0x20 ./src/main.o

.debug_pubnames
 *(.debug_pubnames)

.debug_info     0x00000000     0x5129
 *(.debug_info .gnu.linkonce.wi.*)
 .debug_info    0x00000000      0xa66 ./system/src/stm32f3-stdperiph/stm32f30x_gpio.o
 .debug_info    0x00000a66      0xf98 ./system/src/stm32f3-stdperiph/stm32f30x_rcc.o
 .debug_info    0x000019fe      0x100 ./system/src/newlib/_exit.o
 .debug_info    0x00001afe      0x125 ./system/src/newlib/_sbrk.o
 .debug_info    0x00001c23      0x469 ./system/src/newlib/_startup.o
 .debug_info    0x0000208c      0x8f3 ./system/src/newlib/_syscalls.o
 .debug_info    0x0000297f      0x147 ./system/src/newlib/_write.o
 .debug_info    0x00002ac6      0x1f6 ./system/src/newlib/assert.o
 .debug_info    0x00002cbc      0x325 ./system/src/diag/Trace.o
 .debug_info    0x00002fe1      0x3fe ./system/src/diag/trace_impl.o
 .debug_info    0x000033df       0xc4 ./system/src/cortexm/_initialize_hardware.o
 .debug_info    0x000034a3       0xe9 ./system/src/cortexm/exception_handlers.o
 .debug_info    0x0000358c      0x4b2 ./system/src/cmsis/system_stm32f30x.o
 .debug_info    0x00003a3e       0x92 ./system/src/cmsis/vectors_stm32f30x.o
 .debug_info    0x00003ad0      0x396 ./src/BlinkLed.o
 .debug_info    0x00003e66      0x6cf ./src/Timer.o
 .debug_info    0x00004535      0xbf4 ./src/main.o

.debug_abbrev   0x00000000     0x15e9
 *(.debug_abbrev)
 .debug_abbrev  0x00000000      0x1ec ./system/src/stm32f3-stdperiph/stm32f30x_gpio.o
 .debug_abbrev  0x000001ec      0x228 ./system/src/stm32f3-stdperiph/stm32f30x_rcc.o
 .debug_abbrev  0x00000414       0xa4 ./system/src/newlib/_exit.o
 .debug_abbrev  0x000004b8       0xbb ./system/src/newlib/_sbrk.o
 .debug_abbrev  0x00000573      0x1da ./system/src/newlib/_startup.o
 .debug_abbrev  0x0000074d      0x178 ./system/src/newlib/_syscalls.o
 .debug_abbrev  0x000008c5       0xd7 ./system/src/newlib/_write.o
 .debug_abbrev  0x0000099c       0xc9 ./system/src/newlib/assert.o
 .debug_abbrev  0x00000a65      0x178 ./system/src/diag/Trace.o
 .debug_abbrev  0x00000bdd      0x188 ./system/src/diag/trace_impl.o
 .debug_abbrev  0x00000d65       0x88 ./system/src/cortexm/_initialize_hardware.o
 .debug_abbrev  0x00000ded       0x65 ./system/src/cortexm/exception_handlers.o
 .debug_abbrev  0x00000e52      0x13d ./system/src/cmsis/system_stm32f30x.o
 .debug_abbrev  0x00000f8f       0x92 ./system/src/cmsis/vectors_stm32f30x.o
 .debug_abbrev  0x00001021      0x16d ./src/BlinkLed.o
 .debug_abbrev  0x0000118e      0x1b5 ./src/Timer.o
 .debug_abbrev  0x00001343      0x2a6 ./src/main.o

.debug_line     0x00000000     0x4367
 *(.debug_line)
 .debug_line    0x00000000      0x664 ./system/src/stm32f3-stdperiph/stm32f30x_gpio.o
 .debug_line    0x00000664      0x942 ./system/src/stm32f3-stdperiph/stm32f30x_rcc.o
 .debug_line    0x00000fa6      0x2a2 ./system/src/newlib/_exit.o
 .debug_line    0x00001248      0x254 ./system/src/newlib/_sbrk.o
 .debug_line    0x0000149c      0x317 ./system/src/newlib/_startup.o
 .debug_line    0x000017b3      0x4bb ./system/src/newlib/_syscalls.o
 .debug_line    0x00001c6e      0x288 ./system/src/newlib/_write.o
 .debug_line    0x00001ef6      0x2c8 ./system/src/newlib/assert.o
 .debug_line    0x000021be      0x36c ./system/src/diag/Trace.o
 .debug_line    0x0000252a      0x545 ./system/src/diag/trace_impl.o
 .debug_line    0x00002a6f      0x467 ./system/src/cortexm/_initialize_hardware.o
 .debug_line    0x00002ed6       0x9f ./system/src/cortexm/exception_handlers.o
 .debug_line    0x00002f75      0x4bb ./system/src/cmsis/system_stm32f30x.o
 .debug_line    0x00003430       0x89 ./system/src/cmsis/vectors_stm32f30x.o
 .debug_line    0x000034b9      0x458 ./src/BlinkLed.o
 .debug_line    0x00003911      0x4cf ./src/Timer.o
 .debug_line    0x00003de0      0x587 ./src/main.o

.debug_frame    0x00000000     0x129c
 *(.debug_frame)
 .debug_frame   0x00000000      0x16c ./system/src/stm32f3-stdperiph/stm32f30x_gpio.o
 .debug_frame   0x0000016c      0x3c8 ./system/src/stm32f3-stdperiph/stm32f30x_rcc.o
 .debug_frame   0x00000534       0x38 ./system/src/newlib/_exit.o
 .debug_frame   0x0000056c       0x28 ./system/src/newlib/_sbrk.o
 .debug_frame   0x00000594       0x80 ./system/src/newlib/_startup.o
 .debug_frame   0x00000614      0x230 ./system/src/newlib/_syscalls.o
 .debug_frame   0x00000844       0x28 ./system/src/newlib/_write.o
 .debug_frame   0x0000086c       0x40 ./system/src/newlib/assert.o
 .debug_frame   0x000008ac       0x84 ./system/src/diag/Trace.o
 .debug_frame   0x00000930       0x50 ./system/src/diag/trace_impl.o
 .debug_frame   0x00000980       0x28 ./system/src/cortexm/_initialize_hardware.o
 .debug_frame   0x000009a8       0xb8 ./system/src/cortexm/exception_handlers.o
 .debug_frame   0x00000a60       0x4c ./system/src/cmsis/system_stm32f30x.o
 .debug_frame   0x00000aac       0x20 ./system/src/cmsis/vectors_stm32f30x.o
 .debug_frame   0x00000acc       0x2c ./src/BlinkLed.o
 .debug_frame   0x00000af8       0x58 ./src/Timer.o
 .debug_frame   0x00000b50       0x30 ./src/main.o
 .debug_frame   0x00000b80       0x20 /home/amol/ArmToolChain/gcc-arm-none-eabi-4_8-2014q1/bin/../lib/gcc/arm-none-eabi/4.8.3/../../../../arm-none-eabi/lib/armv7e-m/libg_s.a(lib_a-errno.o)
 .debug_frame   0x00000ba0       0x54 /home/amol/ArmToolChain/gcc-arm-none-eabi-4_8-2014q1/bin/../lib/gcc/arm-none-eabi/4.8.3/../../../../arm-none-eabi/lib/armv7e-m/libg_s.a(lib_a-fwrite.o)
 .debug_frame   0x00000bf4       0x3c /home/amol/ArmToolChain/gcc-arm-none-eabi-4_8-2014q1/bin/../lib/gcc/arm-none-eabi/4.8.3/../../../../arm-none-eabi/lib/armv7e-m/libg_s.a(lib_a-puts.o)
 .debug_frame   0x00000c30       0x20 /home/amol/ArmToolChain/gcc-arm-none-eabi-4_8-2014q1/bin/../lib/gcc/arm-none-eabi/4.8.3/../../../../arm-none-eabi/lib/armv7e-m/libg_s.a(lib_a-strlen.o)
 .debug_frame   0x00000c50       0x4c /home/amol/ArmToolChain/gcc-arm-none-eabi-4_8-2014q1/bin/../lib/gcc/arm-none-eabi/4.8.3/../../../../arm-none-eabi/lib/armv7e-m/libg_s.a(lib_a-vsnprintf.o)
 .debug_frame   0x00000c9c       0x3c /home/amol/ArmToolChain/gcc-arm-none-eabi-4_8-2014q1/bin/../lib/gcc/arm-none-eabi/4.8.3/../../../../arm-none-eabi/lib/armv7e-m/libg_s.a(lib_a-wbuf.o)
 .debug_frame   0x00000cd8       0x2c /home/amol/ArmToolChain/gcc-arm-none-eabi-4_8-2014q1/bin/../lib/gcc/arm-none-eabi/4.8.3/../../../../arm-none-eabi/lib/armv7e-m/libg_s.a(lib_a-wsetup.o)
 .debug_frame   0x00000d04       0x5c /home/amol/ArmToolChain/gcc-arm-none-eabi-4_8-2014q1/bin/../lib/gcc/arm-none-eabi/4.8.3/../../../../arm-none-eabi/lib/armv7e-m/libg_s.a(lib_a-fflush.o)
 .debug_frame   0x00000d60      0x12c /home/amol/ArmToolChain/gcc-arm-none-eabi-4_8-2014q1/bin/../lib/gcc/arm-none-eabi/4.8.3/../../../../arm-none-eabi/lib/armv7e-m/libg_s.a(lib_a-findfp.o)
 .debug_frame   0x00000e8c       0x30 /home/amol/ArmToolChain/gcc-arm-none-eabi-4_8-2014q1/bin/../lib/gcc/arm-none-eabi/4.8.3/../../../../arm-none-eabi/lib/armv7e-m/libg_s.a(lib_a-makebuf.o)
 .debug_frame   0x00000ebc       0x20 /home/amol/ArmToolChain/gcc-arm-none-eabi-4_8-2014q1/bin/../lib/gcc/arm-none-eabi/4.8.3/../../../../arm-none-eabi/lib/armv7e-m/libg_s.a(lib_a-memset.o)
 .debug_frame   0x00000edc       0x2c /home/amol/ArmToolChain/gcc-arm-none-eabi-4_8-2014q1/bin/../lib/gcc/arm-none-eabi/4.8.3/../../../../arm-none-eabi/lib/armv7e-m/libg_s.a(lib_a-nano-freer.o)
 .debug_frame   0x00000f08       0x2c /home/amol/ArmToolChain/gcc-arm-none-eabi-4_8-2014q1/bin/../lib/gcc/arm-none-eabi/4.8.3/../../../../arm-none-eabi/lib/armv7e-m/libg_s.a(lib_a-nano-mallocr.o)
 .debug_frame   0x00000f34       0x2c /home/amol/ArmToolChain/gcc-arm-none-eabi-4_8-2014q1/bin/../lib/gcc/arm-none-eabi/4.8.3/../../../../arm-none-eabi/lib/armv7e-m/libg_s.a(lib_a-sbrkr.o)
 .debug_frame   0x00000f60       0x80 /home/amol/ArmToolChain/gcc-arm-none-eabi-4_8-2014q1/bin/../lib/gcc/arm-none-eabi/4.8.3/../../../../arm-none-eabi/lib/armv7e-m/libg_s.a(lib_a-stdio.o)
 .debug_frame   0x00000fe0       0x88 /home/amol/ArmToolChain/gcc-arm-none-eabi-4_8-2014q1/bin/../lib/gcc/arm-none-eabi/4.8.3/../../../../arm-none-eabi/lib/armv7e-m/libg_s.a(lib_a-svfprintf.o)
 .debug_frame   0x00001068       0x60 /home/amol/ArmToolChain/gcc-arm-none-eabi-4_8-2014q1/bin/../lib/gcc/arm-none-eabi/4.8.3/../../../../arm-none-eabi/lib/armv7e-m/libg_s.a(lib_a-vfprintf_i.o)
 .debug_frame   0x000010c8       0x2c /home/amol/ArmToolChain/gcc-arm-none-eabi-4_8-2014q1/bin/../lib/gcc/arm-none-eabi/4.8.3/../../../../arm-none-eabi/lib/armv7e-m/libg_s.a(lib_a-writer.o)
 .debug_frame   0x000010f4       0x2c /home/amol/ArmToolChain/gcc-arm-none-eabi-4_8-2014q1/bin/../lib/gcc/arm-none-eabi/4.8.3/../../../../arm-none-eabi/lib/armv7e-m/libg_s.a(lib_a-closer.o)
 .debug_frame   0x00001120       0x2c /home/amol/ArmToolChain/gcc-arm-none-eabi-4_8-2014q1/bin/../lib/gcc/arm-none-eabi/4.8.3/../../../../arm-none-eabi/lib/armv7e-m/libg_s.a(lib_a-fstatr.o)
 .debug_frame   0x0000114c       0x2c /home/amol/ArmToolChain/gcc-arm-none-eabi-4_8-2014q1/bin/../lib/gcc/arm-none-eabi/4.8.3/../../../../arm-none-eabi/lib/armv7e-m/libg_s.a(lib_a-isattyr.o)
 .debug_frame   0x00001178       0x2c /home/amol/ArmToolChain/gcc-arm-none-eabi-4_8-2014q1/bin/../lib/gcc/arm-none-eabi/4.8.3/../../../../arm-none-eabi/lib/armv7e-m/libg_s.a(lib_a-lseekr.o)
 .debug_frame   0x000011a4       0x28 /home/amol/ArmToolChain/gcc-arm-none-eabi-4_8-2014q1/bin/../lib/gcc/arm-none-eabi/4.8.3/../../../../arm-none-eabi/lib/armv7e-m/libg_s.a(lib_a-memchr-stub.o)
 .debug_frame   0x000011cc       0x28 /home/amol/ArmToolChain/gcc-arm-none-eabi-4_8-2014q1/bin/../lib/gcc/arm-none-eabi/4.8.3/../../../../arm-none-eabi/lib/armv7e-m/libg_s.a(lib_a-memcpy-stub.o)
 .debug_frame   0x000011f4       0x2c /home/amol/ArmToolChain/gcc-arm-none-eabi-4_8-2014q1/bin/../lib/gcc/arm-none-eabi/4.8.3/../../../../arm-none-eabi/lib/armv7e-m/libg_s.a(lib_a-memmove.o)
 .debug_frame   0x00001220       0x30 /home/amol/ArmToolChain/gcc-arm-none-eabi-4_8-2014q1/bin/../lib/gcc/arm-none-eabi/4.8.3/../../../../arm-none-eabi/lib/armv7e-m/libg_s.a(lib_a-nano-reallocr.o)
 .debug_frame   0x00001250       0x2c /home/amol/ArmToolChain/gcc-arm-none-eabi-4_8-2014q1/bin/../lib/gcc/arm-none-eabi/4.8.3/../../../../arm-none-eabi/lib/armv7e-m/libg_s.a(lib_a-readr.o)
 .debug_frame   0x0000127c       0x20 /home/amol/ArmToolChain/gcc-arm-none-eabi-4_8-2014q1/bin/../lib/gcc/arm-none-eabi/4.8.3/../../../../arm-none-eabi/lib/armv7e-m/libg_s.a(lib_a-nano-msizer.o)

.debug_str      0x00000000    0x5a2b0
 *(.debug_str)
 .debug_str     0x00000000    0x534e2 ./system/src/stm32f3-stdperiph/stm32f30x_gpio.o
                              0x53682 (size before relaxing)
 .debug_str     0x000534e2      0xa68 ./system/src/stm32f3-stdperiph/stm32f30x_rcc.o
                              0x53e10 (size before relaxing)
 .debug_str     0x00053f4a     0x2803 ./system/src/newlib/_exit.o
                               0x4eeb (size before relaxing)
 .debug_str     0x0005674d      0x4de ./system/src/newlib/_sbrk.o
                               0x44a1 (size before relaxing)
 .debug_str     0x00056c2b      0x246 ./system/src/newlib/_startup.o
                               0x3f11 (size before relaxing)
 .debug_str     0x00056e71      0xe36 ./system/src/newlib/_syscalls.o
                               0x5360 (size before relaxing)
 .debug_str     0x00057ca7       0x39 ./system/src/newlib/_write.o
                               0x5281 (size before relaxing)
 .debug_str     0x00057ce0       0xd0 ./system/src/newlib/assert.o
                               0x58ae (size before relaxing)
 .debug_str     0x00057db0     0x176d ./system/src/diag/Trace.o
                               0x65d2 (size before relaxing)
 .debug_str     0x0005951d       0xe5 ./system/src/diag/trace_impl.o
                              0x54fbf (size before relaxing)
 .debug_str     0x00059602       0x38 ./system/src/cortexm/_initialize_hardware.o
                              0x5334d (size before relaxing)
 .debug_str     0x0005963a       0xe8 ./system/src/cortexm/exception_handlers.o
                               0x252d (size before relaxing)
 .debug_str     0x00059722       0xe5 ./system/src/cmsis/system_stm32f30x.o
                              0x534bf (size before relaxing)
 .debug_str     0x00059807       0x57 ./system/src/cmsis/vectors_stm32f30x.o
                               0x24ca (size before relaxing)
 .debug_str     0x0005985e      0x12f ./src/BlinkLed.o
                              0x53626 (size before relaxing)
 .debug_str     0x0005998d      0x520 ./src/Timer.o
                              0x53914 (size before relaxing)
 .debug_str     0x00059ead      0x403 ./src/main.o
                              0x56863 (size before relaxing)

.debug_loc      0x00000000     0x1e7b
 *(.debug_loc)
 .debug_loc     0x00000000      0x4b3 ./system/src/stm32f3-stdperiph/stm32f30x_gpio.o
 .debug_loc     0x000004b3      0xcc3 ./system/src/stm32f3-stdperiph/stm32f30x_rcc.o
 .debug_loc     0x00001176       0x6b ./system/src/newlib/_sbrk.o
 .debug_loc     0x000011e1      0x265 ./system/src/newlib/_startup.o
 .debug_loc     0x00001446      0x549 ./system/src/newlib/_syscalls.o
 .debug_loc     0x0000198f       0xad ./system/src/newlib/_write.o
 .debug_loc     0x00001a3c       0xe1 ./system/src/newlib/assert.o
 .debug_loc     0x00001b1d       0xf7 ./system/src/diag/Trace.o
 .debug_loc     0x00001c14       0x97 ./system/src/diag/trace_impl.o
 .debug_loc     0x00001cab      0x116 ./system/src/cmsis/system_stm32f30x.o
 .debug_loc     0x00001dc1       0x59 ./src/Timer.o
 .debug_loc     0x00001e1a       0x61 ./src/main.o

.debug_macinfo
 *(.debug_macinfo)

.debug_weaknames
 *(.debug_weaknames)

.debug_funcnames
 *(.debug_funcnames)

.debug_typenames
 *(.debug_typenames)

.debug_varnames
 *(.debug_varnames)
OUTPUT(test.elf elf32-littlearm)

.debug_ranges   0x00000000      0x448
 .debug_ranges  0x00000000       0x70 ./system/src/stm32f3-stdperiph/stm32f30x_gpio.o
 .debug_ranges  0x00000070      0x140 ./system/src/stm32f3-stdperiph/stm32f30x_rcc.o
 .debug_ranges  0x000001b0       0x18 ./system/src/newlib/_exit.o
 .debug_ranges  0x000001c8       0x10 ./system/src/newlib/_sbrk.o
 .debug_ranges  0x000001d8       0x48 ./system/src/newlib/_startup.o
 .debug_ranges  0x00000220       0xc0 ./system/src/newlib/_syscalls.o
 .debug_ranges  0x000002e0       0x10 ./system/src/newlib/_write.o
 .debug_ranges  0x000002f0       0x18 ./system/src/newlib/assert.o
 .debug_ranges  0x00000308       0x28 ./system/src/diag/Trace.o
 .debug_ranges  0x00000330       0x20 ./system/src/diag/trace_impl.o
 .debug_ranges  0x00000350       0x10 ./system/src/cortexm/_initialize_hardware.o
 .debug_ranges  0x00000360       0x58 ./system/src/cortexm/exception_handlers.o
 .debug_ranges  0x000003b8       0x20 ./system/src/cmsis/system_stm32f30x.o
 .debug_ranges  0x000003d8       0x10 ./system/src/cmsis/vectors_stm32f30x.o
 .debug_ranges  0x000003e8       0x10 ./src/BlinkLed.o
 .debug_ranges  0x000003f8       0x28 ./src/Timer.o
 .debug_ranges  0x00000420       0x28 ./src/main.o

.debug_macro    0x00000000     0xfa10
 .debug_macro   0x00000000      0x17a ./system/src/stm32f3-stdperiph/stm32f30x_gpio.o
 .debug_macro   0x0000017a      0x87a ./system/src/stm32f3-stdperiph/stm32f30x_gpio.o
 .debug_macro   0x000009f4       0x6e ./system/src/stm32f3-stdperiph/stm32f30x_gpio.o
 .debug_macro   0x00000a62       0x3b ./system/src/stm32f3-stdperiph/stm32f30x_gpio.o
 .debug_macro   0x00000a9d       0x16 ./system/src/stm32f3-stdperiph/stm32f30x_gpio.o
 .debug_macro   0x00000ab3       0x44 ./system/src/stm32f3-stdperiph/stm32f30x_gpio.o
 .debug_macro   0x00000af7      0x209 ./system/src/stm32f3-stdperiph/stm32f30x_gpio.o
 .debug_macro   0x00000d00       0x2d ./system/src/stm32f3-stdperiph/stm32f30x_gpio.o
 .debug_macro   0x00000d2d       0x26 ./system/src/stm32f3-stdperiph/stm32f30x_gpio.o
 .debug_macro   0x00000d53      0xd39 ./system/src/stm32f3-stdperiph/stm32f30x_gpio.o
 .debug_macro   0x00001a8c     0x769b ./system/src/stm32f3-stdperiph/stm32f30x_gpio.o
 .debug_macro   0x00009127      0x5a6 ./system/src/stm32f3-stdperiph/stm32f30x_gpio.o
 .debug_macro   0x000096cd      0x3cf ./system/src/stm32f3-stdperiph/stm32f30x_gpio.o
 .debug_macro   0x00009a9c       0x46 ./system/src/stm32f3-stdperiph/stm32f30x_gpio.o
 .debug_macro   0x00009ae2      0x231 ./system/src/stm32f3-stdperiph/stm32f30x_gpio.o
 .debug_macro   0x00009d13      0x196 ./system/src/stm32f3-stdperiph/stm32f30x_gpio.o
 .debug_macro   0x00009ea9       0x8e ./system/src/stm32f3-stdperiph/stm32f30x_gpio.o
 .debug_macro   0x00009f37      0x3a9 ./system/src/stm32f3-stdperiph/stm32f30x_gpio.o
 .debug_macro   0x0000a2e0      0x116 ./system/src/stm32f3-stdperiph/stm32f30x_gpio.o
 .debug_macro   0x0000a3f6      0x1e4 ./system/src/stm32f3-stdperiph/stm32f30x_gpio.o
 .debug_macro   0x0000a5da      0x1df ./system/src/stm32f3-stdperiph/stm32f30x_gpio.o
 .debug_macro   0x0000a7b9      0x29a ./system/src/stm32f3-stdperiph/stm32f30x_gpio.o
 .debug_macro   0x0000aa53       0x70 ./system/src/stm32f3-stdperiph/stm32f30x_gpio.o
 .debug_macro   0x0000aac3      0x10c ./system/src/stm32f3-stdperiph/stm32f30x_gpio.o
 .debug_macro   0x0000abcf       0xb8 ./system/src/stm32f3-stdperiph/stm32f30x_gpio.o
 .debug_macro   0x0000ac87      0x5c6 ./system/src/stm32f3-stdperiph/stm32f30x_gpio.o
 .debug_macro   0x0000b24d      0x551 ./system/src/stm32f3-stdperiph/stm32f30x_gpio.o
 .debug_macro   0x0000b79e      0x3ac ./system/src/stm32f3-stdperiph/stm32f30x_gpio.o
 .debug_macro   0x0000bb4a      0x8d8 ./system/src/stm32f3-stdperiph/stm32f30x_gpio.o
 .debug_macro   0x0000c422      0x364 ./system/src/stm32f3-stdperiph/stm32f30x_gpio.o
 .debug_macro   0x0000c786       0x34 ./system/src/stm32f3-stdperiph/stm32f30x_gpio.o
 .debug_macro   0x0000c7ba       0x89 ./system/src/stm32f3-stdperiph/stm32f30x_gpio.o
 .debug_macro   0x0000c843       0x35 ./system/src/stm32f3-stdperiph/stm32f30x_gpio.o
 .debug_macro   0x0000c878      0x1b0 ./system/src/stm32f3-stdperiph/stm32f30x_gpio.o
 .debug_macro   0x0000ca28      0x217 ./system/src/stm32f3-stdperiph/stm32f30x_rcc.o
 .debug_macro   0x0000cc3f      0x1b6 ./system/src/stm32f3-stdperiph/stm32f30x_rcc.o
 .debug_macro   0x0000cdf5      0x5c0 ./system/src/stm32f3-stdperiph/stm32f30x_rcc.o
 .debug_macro   0x0000d3b5      0x11b ./system/src/newlib/_exit.o
 .debug_macro   0x0000d4d0       0xa3 ./system/src/newlib/_exit.o
 .debug_macro   0x0000d573      0x10e ./system/src/newlib/_exit.o
 .debug_macro   0x0000d681       0x86 ./system/src/newlib/_exit.o
 .debug_macro   0x0000d707       0x43 ./system/src/newlib/_exit.o
 .debug_macro   0x0000d74a       0x10 ./system/src/newlib/_exit.o
 .debug_macro   0x0000d75a       0x35 ./system/src/newlib/_exit.o
 .debug_macro   0x0000d78f       0xd1 ./system/src/newlib/_sbrk.o
 .debug_macro   0x0000d860       0x19 ./system/src/newlib/_sbrk.o
 .debug_macro   0x0000d879      0x16d ./system/src/newlib/_sbrk.o
 .debug_macro   0x0000d9e6       0x10 ./system/src/newlib/_sbrk.o
 .debug_macro   0x0000d9f6      0x23b ./system/src/newlib/_sbrk.o
 .debug_macro   0x0000dc31       0xe7 ./system/src/newlib/_startup.o
 .debug_macro   0x0000dd18      0x169 ./system/src/newlib/_syscalls.o
 .debug_macro   0x0000de81       0x1c ./system/src/newlib/_syscalls.o
 .debug_macro   0x0000de9d       0x10 ./system/src/newlib/_syscalls.o
 .debug_macro   0x0000dead       0x10 ./system/src/newlib/_syscalls.o
 .debug_macro   0x0000debd       0x10 ./system/src/newlib/_syscalls.o
 .debug_macro   0x0000decd       0x35 ./system/src/newlib/_syscalls.o
 .debug_macro   0x0000df02      0x120 ./system/src/newlib/_syscalls.o
 .debug_macro   0x0000e022       0x22 ./system/src/newlib/_syscalls.o
 .debug_macro   0x0000e044       0x2b ./system/src/newlib/_syscalls.o
 .debug_macro   0x0000e06f      0x118 ./system/src/newlib/_syscalls.o
 .debug_macro   0x0000e187      0x13a ./system/src/newlib/_syscalls.o
 .debug_macro   0x0000e2c1       0x16 ./system/src/newlib/_syscalls.o
 .debug_macro   0x0000e2d7       0xfb ./system/src/newlib/_write.o
 .debug_macro   0x0000e3d2      0x137 ./system/src/newlib/assert.o
 .debug_macro   0x0000e509       0x1c ./system/src/newlib/assert.o
 .debug_macro   0x0000e525      0x20f ./system/src/newlib/assert.o
 .debug_macro   0x0000e734      0x15a ./system/src/diag/Trace.o
 .debug_macro   0x0000e88e       0x16 ./system/src/diag/Trace.o
 .debug_macro   0x0000e8a4       0x97 ./system/src/diag/Trace.o
 .debug_macro   0x0000e93b       0x10 ./system/src/diag/Trace.o
 .debug_macro   0x0000e94b       0xf6 ./system/src/diag/Trace.o
 .debug_macro   0x0000ea41       0x16 ./system/src/diag/Trace.o
 .debug_macro   0x0000ea57      0x16c ./system/src/diag/Trace.o
 .debug_macro   0x0000ebc3       0x52 ./system/src/diag/Trace.o
 .debug_macro   0x0000ec15      0x283 ./system/src/diag/Trace.o
 .debug_macro   0x0000ee98       0x10 ./system/src/diag/Trace.o
 .debug_macro   0x0000eea8       0x1f ./system/src/diag/Trace.o
 .debug_macro   0x0000eec7      0x234 ./system/src/diag/trace_impl.o
 .debug_macro   0x0000f0fb      0x17a ./system/src/cortexm/_initialize_hardware.o
 .debug_macro   0x0000f275       0x1b ./system/src/cortexm/exception_handlers.o
 .debug_macro   0x0000f290      0x176 ./system/src/cmsis/system_stm32f30x.o
 .debug_macro   0x0000f406       0x1b ./system/src/cmsis/vectors_stm32f30x.o
 .debug_macro   0x0000f421      0x17f ./src/BlinkLed.o
 .debug_macro   0x0000f5a0       0x28 ./src/BlinkLed.o
 .debug_macro   0x0000f5c8      0x194 ./src/Timer.o
 .debug_macro   0x0000f75c      0x286 ./src/main.o
 .debug_macro   0x0000f9e2       0x2e ./src/main.o
